
Running Gradle task 'assembleRelease'...                        
C:\Users\User\.gemini\antigravity\scratch\flutter\bi
n\flutter.bat : Your project is configured with 
Android NDK 26.1.10909125, but the following 
plugin(s) depend on a different Android NDK version:
In Zeile:1 Zeichen:1
+ C:\Users\User\.gemini\antigravity\scratch\flutter\
bin\flutter.bat bui ...
+ ~~~~~~~~~~~~~~~~~~~~~~~~~~~~~~~~~~~~~~~~~~~~~~~~~~
~~~~~~~~~~~~~~~~~~~
    + CategoryInfo          : NotSpecified: (Your p 
   roject is...id NDK version::String) [], RemoteE  
  xception
    + FullyQualifiedErrorId : NativeCommandError
 
- flutter_local_notifications requires Android NDK 
27.0.12077973
- flutter_plugin_android_lifecycle requires Android 
NDK 27.0.12077973
- local_auth_android requires Android NDK 
27.0.12077973
- path_provider_android requires Android NDK 
27.0.12077973
- shared_preferences_android requires Android NDK 
27.0.12077973
Fix this issue by using the highest Android NDK 
version (they are backward compatible).
Add the following to C:\Users\User\.gemini\antigravi
ty\scratch\subscription_tracker\android\app\build.gr
adle:

    android {
        ndkVersion = "27.0.12077973"
        ...
    }

Running Gradle task 'assembleRelease'...                           30,4s
ÔêÜ Built build\app\outputs\flutter-apk\app-release.apk (22.2MB)
